bun.exe : Warning: no stdin data received in 3s, proceeding without it. If piping from a slow command, redirect stdin e
xplicitly: < /dev/null to skip, or wait longer.
At C:\Users\我的开挂系统\.bun\bin\claude-local.ps1:7 char:1
+ & $bun $cli $args
+ ~~~~~~~~~~~~~~~~~
    + CategoryInfo          : NotSpecified: (Warning: no std...or wait longer.:String) [], RemoteException
    + FullyQualifiedErrorId : NativeCommandError
 
